---
source: tests/snapshots.rs
expression: output
---
[1;38;2;210;140;40m# Advanced Flowcharts[0m

[1;38;2;180;90;60m## CI/CD Pipeline[0m

                                                                                       ┌────────────┐
                                                         ┌──────┬────────────────────┬►│ Notify Dev │─
                                                         │      │No                  │N└────────────┘
╭───────╮    ┌───────┐    /─────────────\ Yes┌────────────────┐ │  /──────────────\  │
│ Start │───►│ Build │───►< Tests Pass? >───►│ Deploy Staging │─┴─►< QA Approved? >──┤
╰───────╯    └───────┘    \─────────────/    └────────────────┘    \──────────────/  │
                                                                                     │Yes
                                                                                     │ ┌─────────────┐
                                                                                     └►│ Deploy Prod │
                                                                                       └─────────────┘

[1;38;2;180;90;60m## Error Handling Flow[0m

             ┌─────────────┐
             │ API Request │
             └─────────────┘
                    │
                    │
                    │
                    ▼
                   /\
                   / \
                  /   \
                 /     \
                /       \
               /Auth OK? \
                \       /
                 \     /
                  \   /
                   \ /
                   \/
                    │
              No    │   Yes
          ┌─────────┴───────────┐
          ▼                     ▼
┌──────────────────┐           /\
│ 401 Unauthorized │           / \
└──────────────────┘          /   \
                             /     \
                            /       \
                           /         \
                          /           \
                         /             \
                        /Rate Limited?  \
                         \             /
                          \           /
                           \         /
                            \       /
                             \     /
                              \   /
                               \ /
                               \/
                                │
                   Yes        No│
         ┌────────────────────┬─┘
         ▼                    ▼
 ┌──────────────┐    ┌─────────────────┐
 │ 429 Too Many │    │ Process Request │
 └──────────────┘    └─────────────────┘
                              │
                              │
                    ┌─────────┘
                    ▼
                   /\
                   / \
                  /   \
                 /     \
                /       \
               /Success? \
                \       /
                 \     /
                  \   /
                   \ /
                   \/
                    │
              Yes   │ No
            ┌───────┴──────┐
            ▼              ▼
       ┌────────┐    ┌───────────┐
       │ 200 OK │    │ 500 Error │
       └────────┘    └───────────┘

[1;38;2;180;90;60m## Node Shapes[0m

[38;2;190;180;160mDifferent node shapes available:[0m

┌───────────┐    ╭─────────╮    /─────────\    ╭────────╮
│ Rectangle │───►│ Rounded │───►< Diamond >───►│ Circle │
└───────────┘    ╰─────────╯    \─────────/    ╰────────╯

[1;38;2;180;90;60m## Edge Styles[0m

[38;2;190;180;160mDifferent edge connection styles:[0m

┌─────────────┐    ┌────────────┐    ┌──────────────┐    ┌─────────────┐
│ Solid Arrow │    │ Plain Line │    │ Dotted Arrow │    │ Thick Arrow │
└─────────────┘    └────────────┘    └──────────────┘    └─────────────┘
       │                  │                  :                  ║
       │                  │                  :                  ║
       └───────┐          └──┐             ┌.┘           ┌══════┘
               ▼             │             ▼             ▼
          ┌────────┐    ┌────────┐    ┌────────┐    ┌────────┐
          │ Target │    │ Target │    │ Target │    │ Target │
          └────────┘    └────────┘    └────────┘    └────────┘
