---
source: tests/snapshots.rs
expression: output
---
[1;38;2;210;140;40m# ER full[0m

                                                                                                             [38;2;180;90;60m+------------------------------------------------+[0m
                                                                                                             [38;2;180;90;60m|[0m[38;2;190;180;160m NotificationBusinessPreferenceHistory          [0m[38;2;180;90;60m|[0m
                                                                                                             [38;2;180;90;60m|------------------------------------------------|[0m
                                                                                                             [38;2;180;90;60m|[0m[38;2;190;180;160m PK string   id                                 [0m[38;2;180;90;60m|[0m
                                                     [38;2;180;90;60m+------------------------------------------------+[0m      [38;2;180;90;60m|[0m[38;2;190;180;160m FK string   notificationBusinessPreferenceId   [0m[38;2;180;90;60m|[0m
                                                     [38;2;180;90;60m|[0m[38;2;190;180;160m NotificationBusinessPreference                 [0m[38;2;180;90;60m|[0m      [38;2;180;90;60m|[0m[38;2;190;180;160m             → NotificationBusinessPreference   [0m[38;2;180;90;60m|[0m
                                                     [38;2;180;90;60m|------------------------------------------------|[0m      [38;2;180;90;60m|[0m[38;2;190;180;160m    enum     channel                            [0m[38;2;180;90;60m|[0m
                                                     [38;2;180;90;60m|[0m[38;2;190;180;160m PK string id                                   [0m[38;2;180;90;60m|[0m      [38;2;180;90;60m|[0m[38;2;190;180;160m             EMAIL | SMS                        [0m[38;2;180;90;60m|[0m
                                                     [38;2;180;90;60m|[0m[38;2;190;180;160m FK string businessId     → Business            [0m[38;2;180;90;60m|[0m      [38;2;180;90;60m|[0m[38;2;190;180;160m    bool     enabled                            [0m[38;2;180;90;60m|[0m
                                                     [38;2;180;90;60m|[0m[38;2;190;180;160m FK string notificationId → Notification        [0m[38;2;180;90;60m|[0m    ┌[38;2;120;160;80mo{[0m[38;2;190;180;160m             value at the time of the change    [0m[38;2;180;90;60m|[0m
                                                     [38;2;180;90;60m|[0m[38;2;190;180;160m    enum   channel                              [0m[38;2;180;90;60m|[0m    │ [38;2;180;90;60m|[0m[38;2;190;180;160m    array    roles                              [0m[38;2;180;90;60m|[0m
                                                     [38;2;180;90;60m|[0m[38;2;190;180;160m           EMAIL | SMS — preference is per      [0m[38;2;180;90;60m|[0m    │a[38;2;180;90;60m|[0m[38;2;190;180;160m             UserType[] value at the time of    [0m[38;2;180;90;60m|[0m
                                                     [38;2;180;90;60m|[0m[38;2;190;180;160m           channel                              [0m[38;2;180;90;60m|[0m    │ [38;2;180;90;60m|[0m[38;2;190;180;160m             the change — null if not           [0m[38;2;180;90;60m|[0m
                                                     [38;2;180;90;60m|[0m[38;2;190;180;160m    bool   enabled                              [0m[38;2;180;90;60m|[0m    │ [38;2;180;90;60m|[0m[38;2;190;180;160m             overridden                         [0m[38;2;180;90;60m|[0m
                                                   ┌[38;2;120;160;80mo{[0m[38;2;190;180;160m           false = all users in this business   [0m[38;2;180;90;60m|[0m[38;2;120;160;80m||[0m──┘ [38;2;180;90;60m|[0m[38;2;190;180;160m    string   actorUserId                        [0m[38;2;180;90;60m|[0m
                                                   │ [38;2;180;90;60m|[0m[38;2;190;180;160m           are suppressed for this channel      [0m[38;2;180;90;60m|[0m      [38;2;180;90;60m|[0m[38;2;190;180;160m             agent, owner, or system that made  [0m[38;2;180;90;60m|[0m
                                                   │ [38;2;180;90;60m|[0m[38;2;190;180;160m    array  roles                                [0m[38;2;180;90;60m|[0m      [38;2;180;90;60m|[0m[38;2;190;180;160m             the change                         [0m[38;2;180;90;60m|[0m
                                                   │ [38;2;180;90;60m|[0m[38;2;190;180;160m           UserType[] — overrides               [0m[38;2;180;90;60m|[0m      [38;2;180;90;60m|[0m[38;2;190;180;160m    datetime changedAt                          [0m[38;2;180;90;60m|[0m
                                                   │ [38;2;180;90;60m|[0m[38;2;190;180;160m           defaultRoles for this business; null [0m[38;2;180;90;60m|[0m      [38;2;180;90;60m+------------------------------------------------+[0m
                                                   │ [38;2;180;90;60m|[0m[38;2;190;180;160m           = use default                        [0m[38;2;180;90;60m|[0m
                                                   │ [38;2;180;90;60m|[0m[38;2;190;180;160m    string actorUserId                          [0m[38;2;180;90;60m|[0m
[38;2;180;90;60m+---------------------------------------------+[0m    │ [38;2;180;90;60m|[0m[38;2;190;180;160m           last actor — read by trigger to      [0m[38;2;180;90;60m|[0m
[38;2;180;90;60m|[0m[38;2;190;180;160m Notification                                [0m[38;2;180;90;60m|[0m    │ [38;2;180;90;60m|[0m[38;2;190;180;160m           write history row                    [0m[38;2;180;90;60m|[0m
[38;2;180;90;60m|---------------------------------------------|[0m    │p[38;2;180;90;60m+------------------------------------------------+[0m      [38;2;180;90;60m+----------------------------------------------+[0m
[38;2;180;90;60m|[0m[38;2;190;180;160m PK string id                                [0m[38;2;180;90;60m|[0m    │                                                         [38;2;180;90;60m|[0m[38;2;190;180;160m NotificationUserPreferenceHistory            [0m[38;2;180;90;60m|[0m
[38;2;180;90;60m|[0m[38;2;190;180;160m    string name                              [0m[38;2;180;90;60m|[0m    │                                                         [38;2;180;90;60m|----------------------------------------------|[0m
[38;2;180;90;60m|[0m[38;2;190;180;160m           unique slug, e.g.                 [0m[38;2;180;90;60m|[0m    │                                                         [38;2;180;90;60m|[0m[38;2;190;180;160m PK string   id                               [0m[38;2;180;90;60m|[0m
[38;2;180;90;60m|[0m[38;2;190;180;160m           card-transaction-cardholder       [0m[38;2;180;90;60m|[0m    │                                                         [38;2;180;90;60m|[0m[38;2;190;180;160m FK string   notificationUserPreferenceId     [0m[38;2;180;90;60m|[0m
[38;2;180;90;60m|[0m[38;2;190;180;160m    string description                       [0m[38;2;180;90;60m|[0m    │ [38;2;180;90;60m+---------------------------------------------+[0m         [38;2;180;90;60m|[0m[38;2;190;180;160m             → NotificationUserPreference     [0m[38;2;180;90;60m|[0m
[38;2;180;90;60m|[0m[38;2;190;180;160m    enum   category                          [0m[38;2;180;90;60m|[0m    │ [38;2;180;90;60m|[0m[38;2;190;180;160m NotificationUserPreference                  [0m[38;2;180;90;60m|[0m         [38;2;180;90;60m|[0m[38;2;190;180;160m    enum     channel                          [0m[38;2;180;90;60m|[0m
[38;2;180;90;60m|[0m[38;2;190;180;160m           NotificationCategory              [0m[38;2;180;90;60m|[0m    │ [38;2;180;90;60m|---------------------------------------------|[0m    ┌───[38;2;120;160;80mo{[0m[38;2;190;180;160m             EMAIL | SMS                      [0m[38;2;180;90;60m|[0m
[38;2;180;90;60m|[0m[38;2;190;180;160m    bool   enabled                           [0m[38;2;180;90;60m|[0m    │ [38;2;180;90;60m|[0m[38;2;190;180;160m PK string id                                [0m[38;2;180;90;60m|[0m    │    [38;2;180;90;60m|[0m[38;2;190;180;160m    bool     enabled                          [0m[38;2;180;90;60m|[0m
[38;2;180;90;60m|[0m[38;2;190;180;160m           global kill switch @default(true) [0m[38;2;180;90;60m|[0m[38;2;120;160;80m||[0m─┬┘ [38;2;180;90;60m|[0m[38;2;190;180;160m FK string userId         → User             [0m[38;2;180;90;60m|[0m    │audi[38;2;180;90;60m|[0m[38;2;190;180;160m             value at the time of the change  [0m[38;2;180;90;60m|[0m
[38;2;180;90;60m|[0m[38;2;190;180;160m    bool   allowUserOptOut                   [0m[38;2;180;90;60m|[0m   │pe[38;2;180;90;60m|[0m[38;2;190;180;160m FK string notificationId → Notification     [0m[38;2;180;90;60m|[0m    │    [38;2;180;90;60m|[0m[38;2;190;180;160m    string   actorUserId                      [0m[38;2;180;90;60m|[0m
[38;2;180;90;60m|[0m[38;2;190;180;160m           user can disable in preference    [0m[38;2;180;90;60m|[0m   │  [38;2;180;90;60m|[0m[38;2;190;180;160m    enum   channel                           [0m[38;2;180;90;60m|[0m    │    [38;2;180;90;60m|[0m[38;2;190;180;160m             user, agent, or system that made [0m[38;2;180;90;60m|[0m
[38;2;180;90;60m|[0m[38;2;190;180;160m           center @default(true)             [0m[38;2;180;90;60m|[0m   ├─[38;2;120;160;80mo{[0m[38;2;190;180;160m           EMAIL | SMS — preference is per   [0m[38;2;180;90;60m|[0m[38;2;120;160;80m||[0m──┘    [38;2;180;90;60m|[0m[38;2;190;180;160m             the change                       [0m[38;2;180;90;60m|[0m
[38;2;180;90;60m|[0m[38;2;190;180;160m    bool   allowUserOverride                 [0m[38;2;180;90;60m|[0m   │  [38;2;180;90;60m|[0m[38;2;190;180;160m           channel                           [0m[38;2;180;90;60m|[0m         [38;2;180;90;60m|[0m[38;2;190;180;160m    datetime changedAt                        [0m[38;2;180;90;60m|[0m
[38;2;180;90;60m|[0m[38;2;190;180;160m           user can bypass business gate if  [0m[38;2;180;90;60m|[0m   │  [38;2;180;90;60m|[0m[38;2;190;180;160m    bool   enabled                           [0m[38;2;180;90;60m|[0m         [38;2;180;90;60m+----------------------------------------------+[0m
[38;2;180;90;60m|[0m[38;2;190;180;160m           opted in @default(false)          [0m[38;2;180;90;60m|[0m   │  [38;2;180;90;60m|[0m[38;2;190;180;160m    string actorUserId                       [0m[38;2;180;90;60m|[0m
[38;2;180;90;60m|[0m[38;2;190;180;160m    int    ttlMs                             [0m[38;2;180;90;60m|[0m   │  [38;2;180;90;60m|[0m[38;2;190;180;160m           last actor — read by trigger to   [0m[38;2;180;90;60m|[0m
[38;2;180;90;60m|[0m[38;2;190;180;160m           max age before deliverEmail() /   [0m[38;2;180;90;60m|[0m   │  [38;2;180;90;60m|[0m[38;2;190;180;160m           write history row                 [0m[38;2;180;90;60m|[0m
[38;2;180;90;60m|[0m[38;2;190;180;160m           deliverSms() discard the event    [0m[38;2;180;90;60m|[0m   │  [38;2;180;90;60m+---------------------------------------------+[0m
[38;2;180;90;60m|[0m[38;2;190;180;160m           @default(864000000) — 10 days     [0m[38;2;180;90;60m|[0m   │send attempts                                             [38;2;180;90;60m+------------------------------------------------+[0m
[38;2;180;90;60m+---------------------------------------------+[0m   │                                                          [38;2;180;90;60m|[0m[38;2;190;180;160m NotificationDelivery                           [0m[38;2;180;90;60m|[0m
                                                  │                                                          [38;2;180;90;60m|------------------------------------------------|[0m
                                                  │                                                          [38;2;180;90;60m|[0m[38;2;190;180;160m PK string   id                                 [0m[38;2;180;90;60m|[0m
                                                  │  [38;2;180;90;60m+---------------------------------------------+[0m         [38;2;180;90;60m|[0m[38;2;190;180;160m FK string   notificationLogId                  [0m[38;2;180;90;60m|[0m
                                                  │  [38;2;180;90;60m|[0m[38;2;190;180;160m NotificationLog                             [0m[38;2;180;90;60m|[0m         [38;2;180;90;60m|[0m[38;2;190;180;160m             → NotificationLog                  [0m[38;2;180;90;60m|[0m
                                                  │  [38;2;180;90;60m|---------------------------------------------|[0m         [38;2;180;90;60m|[0m[38;2;190;180;160m    string   userId            recipient        [0m[38;2;180;90;60m|[0m
                                                  │  [38;2;180;90;60m|[0m[38;2;190;180;160m PK string   id                              [0m[38;2;180;90;60m|[0m         [38;2;180;90;60m|[0m[38;2;190;180;160m    enum     channel           EMAIL | SMS      [0m[38;2;180;90;60m|[0m
                                                  │  [38;2;180;90;60m|[0m[38;2;190;180;160m FK string   notificationId → Notification   [0m[38;2;180;90;60m|[0m         [38;2;180;90;60m|[0m[38;2;190;180;160m    enum     status                             [0m[38;2;180;90;60m|[0m
                                                  │  [38;2;180;90;60m|[0m[38;2;190;180;160m    string   businessId                      [0m[38;2;180;90;60m|[0m         [38;2;180;90;60m|[0m[38;2;190;180;160m             SENT | FAILED | EXPIRED |          [0m[38;2;180;90;60m|[0m
                                                  │  [38;2;180;90;60m|[0m[38;2;190;180;160m             context for gating and queue    [0m[38;2;180;90;60m|[0m         [38;2;180;90;60m|[0m[38;2;190;180;160m             SUPPRESSED                         [0m[38;2;180;90;60m|[0m
                                                  └─[38;2;120;160;80mo{[0m[38;2;190;180;160m             ordering                        [0m[38;2;180;90;60m|[0m[38;2;120;160;80m||[0m──────[38;2;120;160;80mo{[0m[38;2;190;180;160m    string   externalId                         [0m[38;2;180;90;60m|[0m
                                                     [38;2;180;90;60m|[0m[38;2;190;180;160m    json     payload                         [0m[38;2;180;90;60m|[0m         [38;2;180;90;60m|[0m[38;2;190;180;160m             provider message ID — null when    [0m[38;2;180;90;60m|[0m
                                                     [38;2;180;90;60m|[0m[38;2;190;180;160m             validated once at send() —      [0m[38;2;180;90;60m|[0m         [38;2;180;90;60m|[0m[38;2;190;180;160m             not SENT                           [0m[38;2;180;90;60m|[0m
                                                     [38;2;180;90;60m|[0m[38;2;190;180;160m             shared across all recipients    [0m[38;2;180;90;60m|[0m         [38;2;180;90;60m|[0m[38;2;190;180;160m    string   statusDescription                  [0m[38;2;180;90;60m|[0m
                                                     [38;2;180;90;60m|[0m[38;2;190;180;160m    datetime enqueuedAt                      [0m[38;2;180;90;60m|[0m         [38;2;180;90;60m|[0m[38;2;190;180;160m             error detail (FAILED) or gate      [0m[38;2;180;90;60m|[0m
                                                     [38;2;180;90;60m|[0m[38;2;190;180;160m             used for TTL check in           [0m[38;2;180;90;60m|[0m         [38;2;180;90;60m|[0m[38;2;190;180;160m             reason (SUPPRESSED)                [0m[38;2;180;90;60m|[0m
                                                     [38;2;180;90;60m|[0m[38;2;190;180;160m             deliverEmail() / deliverSms()   [0m[38;2;180;90;60m|[0m         [38;2;180;90;60m|[0m[38;2;190;180;160m    int      attemptCount                       [0m[38;2;180;90;60m|[0m
                                                     [38;2;180;90;60m+---------------------------------------------+[0m         [38;2;180;90;60m|[0m[38;2;190;180;160m             starts at 1, incremented on each   [0m[38;2;180;90;60m|[0m
                                                                                                             [38;2;180;90;60m|[0m[38;2;190;180;160m             DLQ retry                          [0m[38;2;180;90;60m|[0m
                                                                                                             [38;2;180;90;60m|[0m[38;2;190;180;160m    datetime sentAt                             [0m[38;2;180;90;60m|[0m
                                                                                                             [38;2;180;90;60m|[0m[38;2;190;180;160m             null until SENT or FAILED terminal [0m[38;2;180;90;60m|[0m
                                                                                                             [38;2;180;90;60m|[0m[38;2;190;180;160m             write                              [0m[38;2;180;90;60m|[0m
                                                                                                             [38;2;180;90;60m+------------------------------------------------+[0m
