---
source: tests/snapshots.rs
expression: output
---
[1;38;2;210;140;40m# Test: Complex Sequence (API Auth Flow)[0m

[38;2;180;90;60m┌────────┐[0m                   [38;2;180;90;60m┌─────────┐[0m                     [38;2;180;90;60m┌──────┐[0m                [38;2;180;90;60m┌─────┐[0m               [38;2;180;90;60m┌────┐[0m
[38;2;180;90;60m│[0m [38;2;190;180;160mClient[0m [38;2;180;90;60m│[0m                   [38;2;180;90;60m│[0m [38;2;190;180;160mGateway[0m [38;2;180;90;60m│[0m                     [38;2;180;90;60m│[0m [38;2;190;180;160mAuth[0m [38;2;180;90;60m│[0m                [38;2;180;90;60m│[0m [38;2;190;180;160mAPI[0m [38;2;180;90;60m│[0m               [38;2;180;90;60m│[0m [38;2;190;180;160mDB[0m [38;2;180;90;60m│[0m
[38;2;180;90;60m└────────┘[0m                   [38;2;180;90;60m└─────────┘[0m                     [38;2;180;90;60m└──────┘[0m                [38;2;180;90;60m└─────┘[0m               [38;2;180;90;60m└────┘[0m
     │                            │                              │                      │                     │
     ╎      [38;2;130;140;110m1. POST /login[0m        ╎                              ╎                      ╎                     ╎
     │[38;2;120;160;80m──────────────────────────>>[0m│                              │                      │                     │
     ╎                            ╎   [38;2;130;140;110m2. Validate credentials[0m    ╎                      ╎                     ╎
     │                            │[38;2;120;160;80m────────────────────────────>┌[0m─┐                     │                     │
     ╎                            ╎                             │ │             [38;2;130;140;110m3. SELECT user[0m                ╎
     │                            │                             │ [38;2;120;160;80m│─────────────────────────────────────────>>[0m│
     ╎                            ╎                             │ │             [38;2;130;140;110m4. User record[0m                ╎
     │                            │                             │[38;2;120;160;80m │ ─ ─ ─ ─ ─ ─ ─ ─ ─ ─ ─ ─ ─ ─ ─ ─ ─ ─ ─ ─ ─ [0m│
┌─ alt [Valid credentials] ─────────────────────────────────────│ │───────────────────────────────────────────────┐
│    │                            │                             │[38;2;120;160;80m │┐[0m [38;2;130;140;110m5. Generate JWT[0m    │                     │   │
│    ╎                            ╎                             │ │[38;2;120;160;80m│[0m                    ╎                     ╎   │
│    │                            │                             │[38;2;120;160;80m │┘[0m                    │                     │   │
│    ╎                            ╎       [38;2;130;140;110m6. 200 + token[0m        │ │                     ╎                     ╎   │
│    │                            [38;2;120;160;80m<<─ ─ ─ ─ ─ ─ ─ ─ ─ ─ ─ ─ ─ ─ └[0m─┘                     │                     │   │
│    ╎   [38;2;130;140;110m7. Set-Cookie: token[0m     ╎                              ╎                      ╎                     ╎   │
│    [38;2;120;160;80m<< ─ ─ ─ ─ ─ ─ ─ ─ ─ ─ ─ ─ ─ [0m│                              │                      │                     │   │
│    ╎       [38;2;130;140;110m8. GET /data[0m         ╎                              ╎                      ╎                     ╎   │
│    │[38;2;120;160;80m──────────────────────────>>[0m│                              │                      │                     │   │
│    ╎                            ╎       [38;2;130;140;110m9. Verify token[0m        ╎                      ╎                     ╎   │
│    │                            │[38;2;120;160;80m────────────────────────────>┌[0m─┐                     │                     │   │
│    ╎                            ╎       [38;2;130;140;110m10. Token valid[0m       │ │                     ╎                     ╎   │
│    │                            [38;2;120;160;80m<<─ ─ ─ ─ ─ ─ ─ ─ ─ ─ ─ ─ ─ ─ └[0m─┘                     │                     │   │
│    ╎                            ╎                [38;2;130;140;110m11. Forward request[0m                  ╎                     ╎   │
│    │                            │[38;2;120;160;80m───────────────────────────────────────────────────>┌[0m─┐                    │   │
│    ╎                            ╎                              ╎                     │ │  [38;2;130;140;110m12. Query data[0m    ╎   │
│    │                            │                              │                     │ [38;2;120;160;80m│──────────────────>>[0m│   │
│    ╎                            ╎                              ╎                     │ │   [38;2;130;140;110m13. Results[0m      ╎   │
│    │                            │                              │                     │[38;2;120;160;80m │─ ─ ─ ─ ─ ─ ─ ─ ─ ─ [0m│   │
│    ╎                            ╎                     [38;2;130;140;110m14. 200 OK[0m                     │ │                    ╎   │
│    │                            [38;2;120;160;80m<<─ ─ ─ ─ ─ ─ ─ ─ ─ ─ ─ ─ ─ ─ ─ ─ ─ ─ ─ ─ ─ ─ ─ ─ ─ ─└[0m─┘                    │   │
│    ╎        [38;2;130;140;110m15. 200 OK[0m          ╎                              ╎                      ╎                     ╎   │
│    [38;2;120;160;80m<< ─ ─ ─ ─ ─ ─ ─ ─ ─ ─ ─ ─ ─ [0m│                              │                      │                     │   │
├─ [Invalid credentials] ─────────────────────────────────────────────────────────────────────────────────────────┤
│    │                            │    [38;2;130;140;110m16. 401 Unauthorized[0m      │                      │                     │   │
│    ╎                            [38;2;120;160;80m<<─ ─ ─ ─ ─ ─ ─ ─ ─ ─ ─ ─ ─ ─ ─[0m╎                      ╎                     ╎   │
│    │   [38;2;130;140;110m17. 401 Unauthorized[0m     │                              │                      │                     │   │
│    [38;2;120;160;80m<< ─ ─ ─ ─ ─ ─ ─ ─ ─ ─ ─ ─ ─ [0m╎                              ╎                      ╎                     ╎   │
└─────────────────────────────────────────────────────────────────────────────────────────────────────────────────┘
┌──────────────────────────────────────┐                         ╎                      ╎                     ╎
│          Connection closed           │                         │                      │                     │
└──────────────────────────────────────┘                         ╎                      ╎                     ╎
